[INFO] - 2021-11-02 23:42:33,085 - Starting application...
[INFO] - 2021-11-02 23:42:41,332 - requesting [/read 13] on behalf of [chat_id=830009263]
[INFO] - 2021-11-02 23:42:50,594 - requesting [/read 14] on behalf of [chat_id=830009263]
[INFO] - 2021-11-02 23:42:59,438 - requesting [/read -1] on behalf of [chat_id=830009263]
[INFO] - 2021-11-02 23:43:51,608 - requesting [/write fdsdfsdfdfsfsdfsdfffffffdsdfsdfdfsfsdfsdfffffffdsdfsdfdfsfsdfsdfffffffdsdfsdfdfsfsdfsdfffffffdsdfsdfdfsfsdfsdfffffffdsdfsdfdfsfsdfsdfffffffdsdfsdfdfsfsdfsdfffffffdsdfsdfdfsfsdfsdfffffffdsdfsdfdfsfsdfsdfffffffdsdfsdfdfsfsdfsdfffffffdsdfsdfdfsfsdfsdfffffffdsdfsdfdfsfsdfsdfffffffdsdfsdfdfsfsdfsdfffffffdsdfsdfdfsfsdfsdfffffffdsdfsdfdfsfsdfsdfffffffdsdfsdfdfsfsdfsdfffffffdsdfsdfdfsfsdfsdfffffffdsdfsdfdfsfsdfsdfffffffdsdfsdfdfsfsdfsdfffffffdsdfsdfdfsfsdfsdfffffffdsdfsdfdfsfsdfsdfffffffdsdfsdfdfsfsdfsdfffffffdsdfsdfdfsfsdfsdfffffffdsdfsdfdfsfsdfsdfffffffdsdfsdfdfsfsdfsdfffffffdsdfsdfdfsfsdfsdfffffffdsdfsdfdfsfsdfsdfffffffdsdfsdfdfsfsdfsdfffffffdsdfsdfdfsfsdfsdfffffffdsdfsdfdfsfsdfsdfffffffdsdfsdfdfsfsdfsdfffffffdsdfsdfdfsfsdfsdfffffffdsdfsdfdfsfsdfsdfffffffdsdfsdfdfsfsdfsdfffffffdsdfsdfdfsfsdfsdfffffffdsdfsdfdfsfsdfsdfffffffdsdfsdfdfsfsdfsdfffffffdsdfsdfdfsfsdfsdfffffffdsdfsdfdfsfsdfsdfffffffdsdfsdfdfsfsdfsdfffffffdsdfsdfdfsfsdfsdfffffffdsdfsdfdfsfsdfsdfffffffdsdfsdfdfsfsdfsdfffffffdsdfsdfdfsfsdfsdfffffffdsdfsdfdfsfsdfsdfffffffdsdfsdfdfsfsdfsdfffffffdsdfsdfdfsfsdfsdfffffffdsdfsdfdfsfsdfsdfffffffdsdfsdfdfsfsdfsdfffffffdsdfsdfdfsfsdfsdfffffffdsdfsdfdfsfsdfsdfffffffdsdfsdfdfsfsdfsdfffffffdsdfsdfdfsfsdfsdfffffffdsdfsdfdfsfsdfsdfffffffdsdfsdfdfsfsdfsdfffffffdsdfsdfdfsfsdfsdfffffffdsdfsdfdfsfsdfsdfffffffdsdfsdfdfsfsdfsdfffffffdsdfsdfdfsfsdfsdfffffffdsdfsdfdfsfsdfsdfffffffdsdfsdfdfsfsdfsdfffffffdsdfsdfdfsfsdfsdfffffffdsdfsdfdfsfsdfsdfffffffdsdfsdfdfsfsdfsdfffffffdsdfsdfdfsfsdfsdfffffffdsdfsdfdfsfsdfsdfffffffdsdfsdfdfsfsdfsdfffffffdsdfsdfdfsfsdfsdfffffffdsdfsdfdfsfsdfsdfffffffdsdfsdfdfsfsdfsdfffffffdsdfsdfdfsfsdfsdfffffffdsdfsdfdfsfsdfsdfffffffdsdfsdfdfsfsdfsdffffff] on behalf of [chat_id=830009263]
